app.py: testing comment
app.py: testing comment
app.py: testing comment
_internal.py: [31m[1mWARNING: This is a development server. Do not use it in a production deployment. Use a production WSGI server instead.[0m
 * Running on http://127.0.0.1:5000
_internal.py: [33mPress CTRL+C to quit[0m
_internal.py: [31m[1mWARNING: This is a development server. Do not use it in a production deployment. Use a production WSGI server instead.[0m
 * Running on http://127.0.0.1:5000
_internal.py: [33mPress CTRL+C to quit[0m
_internal.py: [31m[1mWARNING: This is a development server. Do not use it in a production deployment. Use a production WSGI server instead.[0m
 * Running on http://127.0.0.1:5000
_internal.py: [33mPress CTRL+C to quit[0m
_internal.py: [31m[1mWARNING: This is a development server. Do not use it in a production deployment. Use a production WSGI server instead.[0m
 * Running on http://127.0.0.1:5000
_internal.py: [33mPress CTRL+C to quit[0m
_internal.py: [31m[1mWARNING: This is a development server. Do not use it in a production deployment. Use a production WSGI server instead.[0m
 * Running on http://127.0.0.1:5000
_internal.py: [33mPress CTRL+C to quit[0m
app.py: testing comment
_internal.py: [31m[1mWARNING: This is a development server. Do not use it in a production deployment. Use a production WSGI server instead.[0m
 * Running on http://127.0.0.1:5000
_internal.py: [33mPress CTRL+C to quit[0m
